// Jest Snapshot v1, https://goo.gl/fbAQLP

exports[`Circle component renders correctly in changing state 1`] = `
Object {
  "asFragment": [Function],
  "baseElement": <body>
    <div>
      <div
        class="content "
      >
        <div
          class="text text_type_input text_color_input mb-4 absolute head element"
        />
        <div
          class="circle   changing"
        >
          <p
            class="text text_type_circle text_color_input letter"
          />
        </div>
        <p
          class="text text_type_input text_color_input mt-4 absolute index"
        />
        <div
          class="text text_type_input text_color_input mt-4 absolute tail30 element"
        />
      </div>
    </div>
  </body>,
  "container": <div>
    <div
      class="content "
    >
      <div
        class="text text_type_input text_color_input mb-4 absolute head element"
      />
      <div
        class="circle   changing"
      >
        <p
          class="text text_type_circle text_color_input letter"
        />
      </div>
      <p
        class="text text_type_input text_color_input mt-4 absolute index"
      />
      <div
        class="text text_type_input text_color_input mt-4 absolute tail30 element"
      />
    </div>
  </div>,
  "debug": [Function],
  "findAllByAltText": [Function],
  "findAllByDisplayValue": [Function],
  "findAllByLabelText": [Function],
  "findAllByPlaceholderText": [Function],
  "findAllByRole": [Function],
  "findAllByTestId": [Function],
  "findAllByText": [Function],
  "findAllByTitle": [Function],
  "findByAltText": [Function],
  "findByDisplayValue": [Function],
  "findByLabelText": [Function],
  "findByPlaceholderText": [Function],
  "findByRole": [Function],
  "findByTestId": [Function],
  "findByText": [Function],
  "findByTitle": [Function],
  "getAllByAltText": [Function],
  "getAllByDisplayValue": [Function],
  "getAllByLabelText": [Function],
  "getAllByPlaceholderText": [Function],
  "getAllByRole": [Function],
  "getAllByTestId": [Function],
  "getAllByText": [Function],
  "getAllByTitle": [Function],
  "getByAltText": [Function],
  "getByDisplayValue": [Function],
  "getByLabelText": [Function],
  "getByPlaceholderText": [Function],
  "getByRole": [Function],
  "getByTestId": [Function],
  "getByText": [Function],
  "getByTitle": [Function],
  "queryAllByAltText": [Function],
  "queryAllByDisplayValue": [Function],
  "queryAllByLabelText": [Function],
  "queryAllByPlaceholderText": [Function],
  "queryAllByRole": [Function],
  "queryAllByTestId": [Function],
  "queryAllByText": [Function],
  "queryAllByTitle": [Function],
  "queryByAltText": [Function],
  "queryByDisplayValue": [Function],
  "queryByLabelText": [Function],
  "queryByPlaceholderText": [Function],
  "queryByRole": [Function],
  "queryByTestId": [Function],
  "queryByText": [Function],
  "queryByTitle": [Function],
  "rerender": [Function],
  "unmount": [Function],
}
`;

exports[`Circle component renders correctly in default state 1`] = `
Object {
  "asFragment": [Function],
  "baseElement": <body>
    <div>
      <div
        class="content "
      >
        <div
          class="text text_type_input text_color_input mb-4 absolute head element"
        />
        <div
          class="circle   default"
        >
          <p
            class="text text_type_circle text_color_input letter"
          />
        </div>
        <p
          class="text text_type_input text_color_input mt-4 absolute index"
        />
        <div
          class="text text_type_input text_color_input mt-4 absolute tail30 element"
        />
      </div>
    </div>
  </body>,
  "container": <div>
    <div
      class="content "
    >
      <div
        class="text text_type_input text_color_input mb-4 absolute head element"
      />
      <div
        class="circle   default"
      >
        <p
          class="text text_type_circle text_color_input letter"
        />
      </div>
      <p
        class="text text_type_input text_color_input mt-4 absolute index"
      />
      <div
        class="text text_type_input text_color_input mt-4 absolute tail30 element"
      />
    </div>
  </div>,
  "debug": [Function],
  "findAllByAltText": [Function],
  "findAllByDisplayValue": [Function],
  "findAllByLabelText": [Function],
  "findAllByPlaceholderText": [Function],
  "findAllByRole": [Function],
  "findAllByTestId": [Function],
  "findAllByText": [Function],
  "findAllByTitle": [Function],
  "findByAltText": [Function],
  "findByDisplayValue": [Function],
  "findByLabelText": [Function],
  "findByPlaceholderText": [Function],
  "findByRole": [Function],
  "findByTestId": [Function],
  "findByText": [Function],
  "findByTitle": [Function],
  "getAllByAltText": [Function],
  "getAllByDisplayValue": [Function],
  "getAllByLabelText": [Function],
  "getAllByPlaceholderText": [Function],
  "getAllByRole": [Function],
  "getAllByTestId": [Function],
  "getAllByText": [Function],
  "getAllByTitle": [Function],
  "getByAltText": [Function],
  "getByDisplayValue": [Function],
  "getByLabelText": [Function],
  "getByPlaceholderText": [Function],
  "getByRole": [Function],
  "getByTestId": [Function],
  "getByText": [Function],
  "getByTitle": [Function],
  "queryAllByAltText": [Function],
  "queryAllByDisplayValue": [Function],
  "queryAllByLabelText": [Function],
  "queryAllByPlaceholderText": [Function],
  "queryAllByRole": [Function],
  "queryAllByTestId": [Function],
  "queryAllByText": [Function],
  "queryAllByTitle": [Function],
  "queryByAltText": [Function],
  "queryByDisplayValue": [Function],
  "queryByLabelText": [Function],
  "queryByPlaceholderText": [Function],
  "queryByRole": [Function],
  "queryByTestId": [Function],
  "queryByText": [Function],
  "queryByTitle": [Function],
  "rerender": [Function],
  "unmount": [Function],
}
`;

exports[`Circle component renders correctly in modified state 1`] = `
Object {
  "asFragment": [Function],
  "baseElement": <body>
    <div>
      <div
        class="content "
      >
        <div
          class="text text_type_input text_color_input mb-4 absolute head element"
        />
        <div
          class="circle   modified"
        >
          <p
            class="text text_type_circle text_color_input letter"
          />
        </div>
        <p
          class="text text_type_input text_color_input mt-4 absolute index"
        />
        <div
          class="text text_type_input text_color_input mt-4 absolute tail30 element"
        />
      </div>
    </div>
  </body>,
  "container": <div>
    <div
      class="content "
    >
      <div
        class="text text_type_input text_color_input mb-4 absolute head element"
      />
      <div
        class="circle   modified"
      >
        <p
          class="text text_type_circle text_color_input letter"
        />
      </div>
      <p
        class="text text_type_input text_color_input mt-4 absolute index"
      />
      <div
        class="text text_type_input text_color_input mt-4 absolute tail30 element"
      />
    </div>
  </div>,
  "debug": [Function],
  "findAllByAltText": [Function],
  "findAllByDisplayValue": [Function],
  "findAllByLabelText": [Function],
  "findAllByPlaceholderText": [Function],
  "findAllByRole": [Function],
  "findAllByTestId": [Function],
  "findAllByText": [Function],
  "findAllByTitle": [Function],
  "findByAltText": [Function],
  "findByDisplayValue": [Function],
  "findByLabelText": [Function],
  "findByPlaceholderText": [Function],
  "findByRole": [Function],
  "findByTestId": [Function],
  "findByText": [Function],
  "findByTitle": [Function],
  "getAllByAltText": [Function],
  "getAllByDisplayValue": [Function],
  "getAllByLabelText": [Function],
  "getAllByPlaceholderText": [Function],
  "getAllByRole": [Function],
  "getAllByTestId": [Function],
  "getAllByText": [Function],
  "getAllByTitle": [Function],
  "getByAltText": [Function],
  "getByDisplayValue": [Function],
  "getByLabelText": [Function],
  "getByPlaceholderText": [Function],
  "getByRole": [Function],
  "getByTestId": [Function],
  "getByText": [Function],
  "getByTitle": [Function],
  "queryAllByAltText": [Function],
  "queryAllByDisplayValue": [Function],
  "queryAllByLabelText": [Function],
  "queryAllByPlaceholderText": [Function],
  "queryAllByRole": [Function],
  "queryAllByTestId": [Function],
  "queryAllByText": [Function],
  "queryAllByTitle": [Function],
  "queryByAltText": [Function],
  "queryByDisplayValue": [Function],
  "queryByLabelText": [Function],
  "queryByPlaceholderText": [Function],
  "queryByRole": [Function],
  "queryByTestId": [Function],
  "queryByText": [Function],
  "queryByTitle": [Function],
  "rerender": [Function],
  "unmount": [Function],
}
`;

exports[`Circle component renders correctly with head 1`] = `
Object {
  "asFragment": [Function],
  "baseElement": <body>
    <div>
      <div
        class="content "
      >
        <div
          class="text text_type_input text_color_input mb-4 absolute head string"
        >
          Head
        </div>
        <div
          class="circle   default"
        >
          <p
            class="text text_type_circle text_color_input letter"
          />
        </div>
        <p
          class="text text_type_input text_color_input mt-4 absolute index"
        />
        <div
          class="text text_type_input text_color_input mt-4 absolute tail30 element"
        />
      </div>
    </div>
  </body>,
  "container": <div>
    <div
      class="content "
    >
      <div
        class="text text_type_input text_color_input mb-4 absolute head string"
      >
        Head
      </div>
      <div
        class="circle   default"
      >
        <p
          class="text text_type_circle text_color_input letter"
        />
      </div>
      <p
        class="text text_type_input text_color_input mt-4 absolute index"
      />
      <div
        class="text text_type_input text_color_input mt-4 absolute tail30 element"
      />
    </div>
  </div>,
  "debug": [Function],
  "findAllByAltText": [Function],
  "findAllByDisplayValue": [Function],
  "findAllByLabelText": [Function],
  "findAllByPlaceholderText": [Function],
  "findAllByRole": [Function],
  "findAllByTestId": [Function],
  "findAllByText": [Function],
  "findAllByTitle": [Function],
  "findByAltText": [Function],
  "findByDisplayValue": [Function],
  "findByLabelText": [Function],
  "findByPlaceholderText": [Function],
  "findByRole": [Function],
  "findByTestId": [Function],
  "findByText": [Function],
  "findByTitle": [Function],
  "getAllByAltText": [Function],
  "getAllByDisplayValue": [Function],
  "getAllByLabelText": [Function],
  "getAllByPlaceholderText": [Function],
  "getAllByRole": [Function],
  "getAllByTestId": [Function],
  "getAllByText": [Function],
  "getAllByTitle": [Function],
  "getByAltText": [Function],
  "getByDisplayValue": [Function],
  "getByLabelText": [Function],
  "getByPlaceholderText": [Function],
  "getByRole": [Function],
  "getByTestId": [Function],
  "getByText": [Function],
  "getByTitle": [Function],
  "queryAllByAltText": [Function],
  "queryAllByDisplayValue": [Function],
  "queryAllByLabelText": [Function],
  "queryAllByPlaceholderText": [Function],
  "queryAllByRole": [Function],
  "queryAllByTestId": [Function],
  "queryAllByText": [Function],
  "queryAllByTitle": [Function],
  "queryByAltText": [Function],
  "queryByDisplayValue": [Function],
  "queryByLabelText": [Function],
  "queryByPlaceholderText": [Function],
  "queryByRole": [Function],
  "queryByTestId": [Function],
  "queryByText": [Function],
  "queryByTitle": [Function],
  "rerender": [Function],
  "unmount": [Function],
}
`;

exports[`Circle component renders correctly with index 1`] = `
Object {
  "asFragment": [Function],
  "baseElement": <body>
    <div>
      <div
        class="content "
      >
        <div
          class="text text_type_input text_color_input mb-4 absolute head element"
        />
        <div
          class="circle   default"
        >
          <p
            class="text text_type_circle text_color_input letter"
          />
        </div>
        <p
          class="text text_type_input text_color_input mt-4 absolute index"
        >
          42
        </p>
        <div
          class="text text_type_input text_color_input mt-4 absolute tail60 element"
        />
      </div>
    </div>
  </body>,
  "container": <div>
    <div
      class="content "
    >
      <div
        class="text text_type_input text_color_input mb-4 absolute head element"
      />
      <div
        class="circle   default"
      >
        <p
          class="text text_type_circle text_color_input letter"
        />
      </div>
      <p
        class="text text_type_input text_color_input mt-4 absolute index"
      >
        42
      </p>
      <div
        class="text text_type_input text_color_input mt-4 absolute tail60 element"
      />
    </div>
  </div>,
  "debug": [Function],
  "findAllByAltText": [Function],
  "findAllByDisplayValue": [Function],
  "findAllByLabelText": [Function],
  "findAllByPlaceholderText": [Function],
  "findAllByRole": [Function],
  "findAllByTestId": [Function],
  "findAllByText": [Function],
  "findAllByTitle": [Function],
  "findByAltText": [Function],
  "findByDisplayValue": [Function],
  "findByLabelText": [Function],
  "findByPlaceholderText": [Function],
  "findByRole": [Function],
  "findByTestId": [Function],
  "findByText": [Function],
  "findByTitle": [Function],
  "getAllByAltText": [Function],
  "getAllByDisplayValue": [Function],
  "getAllByLabelText": [Function],
  "getAllByPlaceholderText": [Function],
  "getAllByRole": [Function],
  "getAllByTestId": [Function],
  "getAllByText": [Function],
  "getAllByTitle": [Function],
  "getByAltText": [Function],
  "getByDisplayValue": [Function],
  "getByLabelText": [Function],
  "getByPlaceholderText": [Function],
  "getByRole": [Function],
  "getByTestId": [Function],
  "getByText": [Function],
  "getByTitle": [Function],
  "queryAllByAltText": [Function],
  "queryAllByDisplayValue": [Function],
  "queryAllByLabelText": [Function],
  "queryAllByPlaceholderText": [Function],
  "queryAllByRole": [Function],
  "queryAllByTestId": [Function],
  "queryAllByText": [Function],
  "queryAllByTitle": [Function],
  "queryByAltText": [Function],
  "queryByDisplayValue": [Function],
  "queryByLabelText": [Function],
  "queryByPlaceholderText": [Function],
  "queryByRole": [Function],
  "queryByTestId": [Function],
  "queryByText": [Function],
  "queryByTitle": [Function],
  "rerender": [Function],
  "unmount": [Function],
}
`;

exports[`Circle component renders correctly with isSmall prop set to true 1`] = `
Object {
  "asFragment": [Function],
  "baseElement": <body>
    <div>
      <div
        class="content "
      >
        <div
          class="text text_type_input text_color_input mb-4 absolute head element"
        />
        <div
          class="circle  small default"
        >
          <p
            class="text text_type_circle text_color_input letter"
          />
        </div>
        <p
          class="text text_type_input text_color_input mt-4 absolute index"
        />
        <div
          class="text text_type_input text_color_input mt-4 absolute tail30 element"
        />
      </div>
    </div>
  </body>,
  "container": <div>
    <div
      class="content "
    >
      <div
        class="text text_type_input text_color_input mb-4 absolute head element"
      />
      <div
        class="circle  small default"
      >
        <p
          class="text text_type_circle text_color_input letter"
        />
      </div>
      <p
        class="text text_type_input text_color_input mt-4 absolute index"
      />
      <div
        class="text text_type_input text_color_input mt-4 absolute tail30 element"
      />
    </div>
  </div>,
  "debug": [Function],
  "findAllByAltText": [Function],
  "findAllByDisplayValue": [Function],
  "findAllByLabelText": [Function],
  "findAllByPlaceholderText": [Function],
  "findAllByRole": [Function],
  "findAllByTestId": [Function],
  "findAllByText": [Function],
  "findAllByTitle": [Function],
  "findByAltText": [Function],
  "findByDisplayValue": [Function],
  "findByLabelText": [Function],
  "findByPlaceholderText": [Function],
  "findByRole": [Function],
  "findByTestId": [Function],
  "findByText": [Function],
  "findByTitle": [Function],
  "getAllByAltText": [Function],
  "getAllByDisplayValue": [Function],
  "getAllByLabelText": [Function],
  "getAllByPlaceholderText": [Function],
  "getAllByRole": [Function],
  "getAllByTestId": [Function],
  "getAllByText": [Function],
  "getAllByTitle": [Function],
  "getByAltText": [Function],
  "getByDisplayValue": [Function],
  "getByLabelText": [Function],
  "getByPlaceholderText": [Function],
  "getByRole": [Function],
  "getByTestId": [Function],
  "getByText": [Function],
  "getByTitle": [Function],
  "queryAllByAltText": [Function],
  "queryAllByDisplayValue": [Function],
  "queryAllByLabelText": [Function],
  "queryAllByPlaceholderText": [Function],
  "queryAllByRole": [Function],
  "queryAllByTestId": [Function],
  "queryAllByText": [Function],
  "queryAllByTitle": [Function],
  "queryByAltText": [Function],
  "queryByDisplayValue": [Function],
  "queryByLabelText": [Function],
  "queryByPlaceholderText": [Function],
  "queryByRole": [Function],
  "queryByTestId": [Function],
  "queryByText": [Function],
  "queryByTitle": [Function],
  "rerender": [Function],
  "unmount": [Function],
}
`;

exports[`Circle component renders correctly with letter 1`] = `
Object {
  "asFragment": [Function],
  "baseElement": <body>
    <div>
      <div
        class="content "
      >
        <div
          class="text text_type_input text_color_input mb-4 absolute head element"
        />
        <div
          class="circle   default"
        >
          <p
            class="text text_type_circle text_color_input letter"
          >
            A
          </p>
        </div>
        <p
          class="text text_type_input text_color_input mt-4 absolute index"
        />
        <div
          class="text text_type_input text_color_input mt-4 absolute tail30 element"
        />
      </div>
    </div>
  </body>,
  "container": <div>
    <div
      class="content "
    >
      <div
        class="text text_type_input text_color_input mb-4 absolute head element"
      />
      <div
        class="circle   default"
      >
        <p
          class="text text_type_circle text_color_input letter"
        >
          A
        </p>
      </div>
      <p
        class="text text_type_input text_color_input mt-4 absolute index"
      />
      <div
        class="text text_type_input text_color_input mt-4 absolute tail30 element"
      />
    </div>
  </div>,
  "debug": [Function],
  "findAllByAltText": [Function],
  "findAllByDisplayValue": [Function],
  "findAllByLabelText": [Function],
  "findAllByPlaceholderText": [Function],
  "findAllByRole": [Function],
  "findAllByTestId": [Function],
  "findAllByText": [Function],
  "findAllByTitle": [Function],
  "findByAltText": [Function],
  "findByDisplayValue": [Function],
  "findByLabelText": [Function],
  "findByPlaceholderText": [Function],
  "findByRole": [Function],
  "findByTestId": [Function],
  "findByText": [Function],
  "findByTitle": [Function],
  "getAllByAltText": [Function],
  "getAllByDisplayValue": [Function],
  "getAllByLabelText": [Function],
  "getAllByPlaceholderText": [Function],
  "getAllByRole": [Function],
  "getAllByTestId": [Function],
  "getAllByText": [Function],
  "getAllByTitle": [Function],
  "getByAltText": [Function],
  "getByDisplayValue": [Function],
  "getByLabelText": [Function],
  "getByPlaceholderText": [Function],
  "getByRole": [Function],
  "getByTestId": [Function],
  "getByText": [Function],
  "getByTitle": [Function],
  "queryAllByAltText": [Function],
  "queryAllByDisplayValue": [Function],
  "queryAllByLabelText": [Function],
  "queryAllByPlaceholderText": [Function],
  "queryAllByRole": [Function],
  "queryAllByTestId": [Function],
  "queryAllByText": [Function],
  "queryAllByTitle": [Function],
  "queryByAltText": [Function],
  "queryByDisplayValue": [Function],
  "queryByLabelText": [Function],
  "queryByPlaceholderText": [Function],
  "queryByRole": [Function],
  "queryByTestId": [Function],
  "queryByText": [Function],
  "queryByTitle": [Function],
  "rerender": [Function],
  "unmount": [Function],
}
`;

exports[`Circle component renders correctly with react element in head 1`] = `
Object {
  "asFragment": [Function],
  "baseElement": <body>
    <div>
      <div
        class="content "
      >
        <div
          class="text text_type_input text_color_input mb-4 absolute head element"
        >
          <span>
            React Element in Head
          </span>
        </div>
        <div
          class="circle   default"
        >
          <p
            class="text text_type_circle text_color_input letter"
          />
        </div>
        <p
          class="text text_type_input text_color_input mt-4 absolute index"
        />
        <div
          class="text text_type_input text_color_input mt-4 absolute tail30 element"
        />
      </div>
    </div>
  </body>,
  "container": <div>
    <div
      class="content "
    >
      <div
        class="text text_type_input text_color_input mb-4 absolute head element"
      >
        <span>
          React Element in Head
        </span>
      </div>
      <div
        class="circle   default"
      >
        <p
          class="text text_type_circle text_color_input letter"
        />
      </div>
      <p
        class="text text_type_input text_color_input mt-4 absolute index"
      />
      <div
        class="text text_type_input text_color_input mt-4 absolute tail30 element"
      />
    </div>
  </div>,
  "debug": [Function],
  "findAllByAltText": [Function],
  "findAllByDisplayValue": [Function],
  "findAllByLabelText": [Function],
  "findAllByPlaceholderText": [Function],
  "findAllByRole": [Function],
  "findAllByTestId": [Function],
  "findAllByText": [Function],
  "findAllByTitle": [Function],
  "findByAltText": [Function],
  "findByDisplayValue": [Function],
  "findByLabelText": [Function],
  "findByPlaceholderText": [Function],
  "findByRole": [Function],
  "findByTestId": [Function],
  "findByText": [Function],
  "findByTitle": [Function],
  "getAllByAltText": [Function],
  "getAllByDisplayValue": [Function],
  "getAllByLabelText": [Function],
  "getAllByPlaceholderText": [Function],
  "getAllByRole": [Function],
  "getAllByTestId": [Function],
  "getAllByText": [Function],
  "getAllByTitle": [Function],
  "getByAltText": [Function],
  "getByDisplayValue": [Function],
  "getByLabelText": [Function],
  "getByPlaceholderText": [Function],
  "getByRole": [Function],
  "getByTestId": [Function],
  "getByText": [Function],
  "getByTitle": [Function],
  "queryAllByAltText": [Function],
  "queryAllByDisplayValue": [Function],
  "queryAllByLabelText": [Function],
  "queryAllByPlaceholderText": [Function],
  "queryAllByRole": [Function],
  "queryAllByTestId": [Function],
  "queryAllByText": [Function],
  "queryAllByTitle": [Function],
  "queryByAltText": [Function],
  "queryByDisplayValue": [Function],
  "queryByLabelText": [Function],
  "queryByPlaceholderText": [Function],
  "queryByRole": [Function],
  "queryByTestId": [Function],
  "queryByText": [Function],
  "queryByTitle": [Function],
  "rerender": [Function],
  "unmount": [Function],
}
`;

exports[`Circle component renders correctly with react element in tail 1`] = `
Object {
  "asFragment": [Function],
  "baseElement": <body>
    <div>
      <div
        class="content "
      >
        <div
          class="text text_type_input text_color_input mb-4 absolute head element"
        />
        <div
          class="circle   default"
        >
          <p
            class="text text_type_circle text_color_input letter"
          />
        </div>
        <p
          class="text text_type_input text_color_input mt-4 absolute index"
        />
        <div
          class="text text_type_input text_color_input mt-4 absolute tail30 element"
        >
          <span>
            React Element in Tail
          </span>
        </div>
      </div>
    </div>
  </body>,
  "container": <div>
    <div
      class="content "
    >
      <div
        class="text text_type_input text_color_input mb-4 absolute head element"
      />
      <div
        class="circle   default"
      >
        <p
          class="text text_type_circle text_color_input letter"
        />
      </div>
      <p
        class="text text_type_input text_color_input mt-4 absolute index"
      />
      <div
        class="text text_type_input text_color_input mt-4 absolute tail30 element"
      >
        <span>
          React Element in Tail
        </span>
      </div>
    </div>
  </div>,
  "debug": [Function],
  "findAllByAltText": [Function],
  "findAllByDisplayValue": [Function],
  "findAllByLabelText": [Function],
  "findAllByPlaceholderText": [Function],
  "findAllByRole": [Function],
  "findAllByTestId": [Function],
  "findAllByText": [Function],
  "findAllByTitle": [Function],
  "findByAltText": [Function],
  "findByDisplayValue": [Function],
  "findByLabelText": [Function],
  "findByPlaceholderText": [Function],
  "findByRole": [Function],
  "findByTestId": [Function],
  "findByText": [Function],
  "findByTitle": [Function],
  "getAllByAltText": [Function],
  "getAllByDisplayValue": [Function],
  "getAllByLabelText": [Function],
  "getAllByPlaceholderText": [Function],
  "getAllByRole": [Function],
  "getAllByTestId": [Function],
  "getAllByText": [Function],
  "getAllByTitle": [Function],
  "getByAltText": [Function],
  "getByDisplayValue": [Function],
  "getByLabelText": [Function],
  "getByPlaceholderText": [Function],
  "getByRole": [Function],
  "getByTestId": [Function],
  "getByText": [Function],
  "getByTitle": [Function],
  "queryAllByAltText": [Function],
  "queryAllByDisplayValue": [Function],
  "queryAllByLabelText": [Function],
  "queryAllByPlaceholderText": [Function],
  "queryAllByRole": [Function],
  "queryAllByTestId": [Function],
  "queryAllByText": [Function],
  "queryAllByTitle": [Function],
  "queryByAltText": [Function],
  "queryByDisplayValue": [Function],
  "queryByLabelText": [Function],
  "queryByPlaceholderText": [Function],
  "queryByRole": [Function],
  "queryByTestId": [Function],
  "queryByText": [Function],
  "queryByTitle": [Function],
  "rerender": [Function],
  "unmount": [Function],
}
`;

exports[`Circle component renders correctly with tail 1`] = `
Object {
  "asFragment": [Function],
  "baseElement": <body>
    <div>
      <div
        class="content "
      >
        <div
          class="text text_type_input text_color_input mb-4 absolute head element"
        />
        <div
          class="circle   default"
        >
          <p
            class="text text_type_circle text_color_input letter"
          />
        </div>
        <p
          class="text text_type_input text_color_input mt-4 absolute index"
        />
        <div
          class="text text_type_input text_color_input mt-4 absolute tail30 string"
        >
          Tail
        </div>
      </div>
    </div>
  </body>,
  "container": <div>
    <div
      class="content "
    >
      <div
        class="text text_type_input text_color_input mb-4 absolute head element"
      />
      <div
        class="circle   default"
      >
        <p
          class="text text_type_circle text_color_input letter"
        />
      </div>
      <p
        class="text text_type_input text_color_input mt-4 absolute index"
      />
      <div
        class="text text_type_input text_color_input mt-4 absolute tail30 string"
      >
        Tail
      </div>
    </div>
  </div>,
  "debug": [Function],
  "findAllByAltText": [Function],
  "findAllByDisplayValue": [Function],
  "findAllByLabelText": [Function],
  "findAllByPlaceholderText": [Function],
  "findAllByRole": [Function],
  "findAllByTestId": [Function],
  "findAllByText": [Function],
  "findAllByTitle": [Function],
  "findByAltText": [Function],
  "findByDisplayValue": [Function],
  "findByLabelText": [Function],
  "findByPlaceholderText": [Function],
  "findByRole": [Function],
  "findByTestId": [Function],
  "findByText": [Function],
  "findByTitle": [Function],
  "getAllByAltText": [Function],
  "getAllByDisplayValue": [Function],
  "getAllByLabelText": [Function],
  "getAllByPlaceholderText": [Function],
  "getAllByRole": [Function],
  "getAllByTestId": [Function],
  "getAllByText": [Function],
  "getAllByTitle": [Function],
  "getByAltText": [Function],
  "getByDisplayValue": [Function],
  "getByLabelText": [Function],
  "getByPlaceholderText": [Function],
  "getByRole": [Function],
  "getByTestId": [Function],
  "getByText": [Function],
  "getByTitle": [Function],
  "queryAllByAltText": [Function],
  "queryAllByDisplayValue": [Function],
  "queryAllByLabelText": [Function],
  "queryAllByPlaceholderText": [Function],
  "queryAllByRole": [Function],
  "queryAllByTestId": [Function],
  "queryAllByText": [Function],
  "queryAllByTitle": [Function],
  "queryByAltText": [Function],
  "queryByDisplayValue": [Function],
  "queryByLabelText": [Function],
  "queryByPlaceholderText": [Function],
  "queryByRole": [Function],
  "queryByTestId": [Function],
  "queryByText": [Function],
  "queryByTitle": [Function],
  "rerender": [Function],
  "unmount": [Function],
}
`;

exports[`Circle component renders correctly without letter 1`] = `
Object {
  "asFragment": [Function],
  "baseElement": <body>
    <div>
      <div
        class="content "
      >
        <div
          class="text text_type_input text_color_input mb-4 absolute head element"
        />
        <div
          class="circle   default"
        >
          <p
            class="text text_type_circle text_color_input letter"
          />
        </div>
        <p
          class="text text_type_input text_color_input mt-4 absolute index"
        />
        <div
          class="text text_type_input text_color_input mt-4 absolute tail30 element"
        />
      </div>
    </div>
  </body>,
  "container": <div>
    <div
      class="content "
    >
      <div
        class="text text_type_input text_color_input mb-4 absolute head element"
      />
      <div
        class="circle   default"
      >
        <p
          class="text text_type_circle text_color_input letter"
        />
      </div>
      <p
        class="text text_type_input text_color_input mt-4 absolute index"
      />
      <div
        class="text text_type_input text_color_input mt-4 absolute tail30 element"
      />
    </div>
  </div>,
  "debug": [Function],
  "findAllByAltText": [Function],
  "findAllByDisplayValue": [Function],
  "findAllByLabelText": [Function],
  "findAllByPlaceholderText": [Function],
  "findAllByRole": [Function],
  "findAllByTestId": [Function],
  "findAllByText": [Function],
  "findAllByTitle": [Function],
  "findByAltText": [Function],
  "findByDisplayValue": [Function],
  "findByLabelText": [Function],
  "findByPlaceholderText": [Function],
  "findByRole": [Function],
  "findByTestId": [Function],
  "findByText": [Function],
  "findByTitle": [Function],
  "getAllByAltText": [Function],
  "getAllByDisplayValue": [Function],
  "getAllByLabelText": [Function],
  "getAllByPlaceholderText": [Function],
  "getAllByRole": [Function],
  "getAllByTestId": [Function],
  "getAllByText": [Function],
  "getAllByTitle": [Function],
  "getByAltText": [Function],
  "getByDisplayValue": [Function],
  "getByLabelText": [Function],
  "getByPlaceholderText": [Function],
  "getByRole": [Function],
  "getByTestId": [Function],
  "getByText": [Function],
  "getByTitle": [Function],
  "queryAllByAltText": [Function],
  "queryAllByDisplayValue": [Function],
  "queryAllByLabelText": [Function],
  "queryAllByPlaceholderText": [Function],
  "queryAllByRole": [Function],
  "queryAllByTestId": [Function],
  "queryAllByText": [Function],
  "queryAllByTitle": [Function],
  "queryByAltText": [Function],
  "queryByDisplayValue": [Function],
  "queryByLabelText": [Function],
  "queryByPlaceholderText": [Function],
  "queryByRole": [Function],
  "queryByTestId": [Function],
  "queryByText": [Function],
  "queryByTitle": [Function],
  "rerender": [Function],
  "unmount": [Function],
}
`;

exports[`Circle component без буквы 1`] = `
Object {
  "asFragment": [Function],
  "baseElement": <body>
    <div>
      <div
        class="content "
      >
        <div
          class="text text_type_input text_color_input mb-4 absolute head element"
        />
        <div
          class="circle   default"
        >
          <p
            class="text text_type_circle text_color_input letter"
          />
        </div>
        <p
          class="text text_type_input text_color_input mt-4 absolute index"
        />
        <div
          class="text text_type_input text_color_input mt-4 absolute tail30 element"
        />
      </div>
    </div>
  </body>,
  "container": <div>
    <div
      class="content "
    >
      <div
        class="text text_type_input text_color_input mb-4 absolute head element"
      />
      <div
        class="circle   default"
      >
        <p
          class="text text_type_circle text_color_input letter"
        />
      </div>
      <p
        class="text text_type_input text_color_input mt-4 absolute index"
      />
      <div
        class="text text_type_input text_color_input mt-4 absolute tail30 element"
      />
    </div>
  </div>,
  "debug": [Function],
  "findAllByAltText": [Function],
  "findAllByDisplayValue": [Function],
  "findAllByLabelText": [Function],
  "findAllByPlaceholderText": [Function],
  "findAllByRole": [Function],
  "findAllByTestId": [Function],
  "findAllByText": [Function],
  "findAllByTitle": [Function],
  "findByAltText": [Function],
  "findByDisplayValue": [Function],
  "findByLabelText": [Function],
  "findByPlaceholderText": [Function],
  "findByRole": [Function],
  "findByTestId": [Function],
  "findByText": [Function],
  "findByTitle": [Function],
  "getAllByAltText": [Function],
  "getAllByDisplayValue": [Function],
  "getAllByLabelText": [Function],
  "getAllByPlaceholderText": [Function],
  "getAllByRole": [Function],
  "getAllByTestId": [Function],
  "getAllByText": [Function],
  "getAllByTitle": [Function],
  "getByAltText": [Function],
  "getByDisplayValue": [Function],
  "getByLabelText": [Function],
  "getByPlaceholderText": [Function],
  "getByRole": [Function],
  "getByTestId": [Function],
  "getByText": [Function],
  "getByTitle": [Function],
  "queryAllByAltText": [Function],
  "queryAllByDisplayValue": [Function],
  "queryAllByLabelText": [Function],
  "queryAllByPlaceholderText": [Function],
  "queryAllByRole": [Function],
  "queryAllByTestId": [Function],
  "queryAllByText": [Function],
  "queryAllByTitle": [Function],
  "queryByAltText": [Function],
  "queryByDisplayValue": [Function],
  "queryByLabelText": [Function],
  "queryByPlaceholderText": [Function],
  "queryByRole": [Function],
  "queryByTestId": [Function],
  "queryByText": [Function],
  "queryByTitle": [Function],
  "rerender": [Function],
  "unmount": [Function],
}
`;

exports[`Circle component в состоянии changing 1`] = `
Object {
  "asFragment": [Function],
  "baseElement": <body>
    <div>
      <div
        class="content "
      >
        <div
          class="text text_type_input text_color_input mb-4 absolute head element"
        />
        <div
          class="circle   changing"
        >
          <p
            class="text text_type_circle text_color_input letter"
          />
        </div>
        <p
          class="text text_type_input text_color_input mt-4 absolute index"
        />
        <div
          class="text text_type_input text_color_input mt-4 absolute tail30 element"
        />
      </div>
    </div>
  </body>,
  "container": <div>
    <div
      class="content "
    >
      <div
        class="text text_type_input text_color_input mb-4 absolute head element"
      />
      <div
        class="circle   changing"
      >
        <p
          class="text text_type_circle text_color_input letter"
        />
      </div>
      <p
        class="text text_type_input text_color_input mt-4 absolute index"
      />
      <div
        class="text text_type_input text_color_input mt-4 absolute tail30 element"
      />
    </div>
  </div>,
  "debug": [Function],
  "findAllByAltText": [Function],
  "findAllByDisplayValue": [Function],
  "findAllByLabelText": [Function],
  "findAllByPlaceholderText": [Function],
  "findAllByRole": [Function],
  "findAllByTestId": [Function],
  "findAllByText": [Function],
  "findAllByTitle": [Function],
  "findByAltText": [Function],
  "findByDisplayValue": [Function],
  "findByLabelText": [Function],
  "findByPlaceholderText": [Function],
  "findByRole": [Function],
  "findByTestId": [Function],
  "findByText": [Function],
  "findByTitle": [Function],
  "getAllByAltText": [Function],
  "getAllByDisplayValue": [Function],
  "getAllByLabelText": [Function],
  "getAllByPlaceholderText": [Function],
  "getAllByRole": [Function],
  "getAllByTestId": [Function],
  "getAllByText": [Function],
  "getAllByTitle": [Function],
  "getByAltText": [Function],
  "getByDisplayValue": [Function],
  "getByLabelText": [Function],
  "getByPlaceholderText": [Function],
  "getByRole": [Function],
  "getByTestId": [Function],
  "getByText": [Function],
  "getByTitle": [Function],
  "queryAllByAltText": [Function],
  "queryAllByDisplayValue": [Function],
  "queryAllByLabelText": [Function],
  "queryAllByPlaceholderText": [Function],
  "queryAllByRole": [Function],
  "queryAllByTestId": [Function],
  "queryAllByText": [Function],
  "queryAllByTitle": [Function],
  "queryByAltText": [Function],
  "queryByDisplayValue": [Function],
  "queryByLabelText": [Function],
  "queryByPlaceholderText": [Function],
  "queryByRole": [Function],
  "queryByTestId": [Function],
  "queryByText": [Function],
  "queryByTitle": [Function],
  "rerender": [Function],
  "unmount": [Function],
}
`;

exports[`Circle component в состоянии default 1`] = `
Object {
  "asFragment": [Function],
  "baseElement": <body>
    <div>
      <div
        class="content "
      >
        <div
          class="text text_type_input text_color_input mb-4 absolute head element"
        />
        <div
          class="circle   changing"
        >
          <p
            class="text text_type_circle text_color_input letter"
          />
        </div>
        <p
          class="text text_type_input text_color_input mt-4 absolute index"
        />
        <div
          class="text text_type_input text_color_input mt-4 absolute tail30 element"
        />
      </div>
    </div>
  </body>,
  "container": <div>
    <div
      class="content "
    >
      <div
        class="text text_type_input text_color_input mb-4 absolute head element"
      />
      <div
        class="circle   changing"
      >
        <p
          class="text text_type_circle text_color_input letter"
        />
      </div>
      <p
        class="text text_type_input text_color_input mt-4 absolute index"
      />
      <div
        class="text text_type_input text_color_input mt-4 absolute tail30 element"
      />
    </div>
  </div>,
  "debug": [Function],
  "findAllByAltText": [Function],
  "findAllByDisplayValue": [Function],
  "findAllByLabelText": [Function],
  "findAllByPlaceholderText": [Function],
  "findAllByRole": [Function],
  "findAllByTestId": [Function],
  "findAllByText": [Function],
  "findAllByTitle": [Function],
  "findByAltText": [Function],
  "findByDisplayValue": [Function],
  "findByLabelText": [Function],
  "findByPlaceholderText": [Function],
  "findByRole": [Function],
  "findByTestId": [Function],
  "findByText": [Function],
  "findByTitle": [Function],
  "getAllByAltText": [Function],
  "getAllByDisplayValue": [Function],
  "getAllByLabelText": [Function],
  "getAllByPlaceholderText": [Function],
  "getAllByRole": [Function],
  "getAllByTestId": [Function],
  "getAllByText": [Function],
  "getAllByTitle": [Function],
  "getByAltText": [Function],
  "getByDisplayValue": [Function],
  "getByLabelText": [Function],
  "getByPlaceholderText": [Function],
  "getByRole": [Function],
  "getByTestId": [Function],
  "getByText": [Function],
  "getByTitle": [Function],
  "queryAllByAltText": [Function],
  "queryAllByDisplayValue": [Function],
  "queryAllByLabelText": [Function],
  "queryAllByPlaceholderText": [Function],
  "queryAllByRole": [Function],
  "queryAllByTestId": [Function],
  "queryAllByText": [Function],
  "queryAllByTitle": [Function],
  "queryByAltText": [Function],
  "queryByDisplayValue": [Function],
  "queryByLabelText": [Function],
  "queryByPlaceholderText": [Function],
  "queryByRole": [Function],
  "queryByTestId": [Function],
  "queryByText": [Function],
  "queryByTitle": [Function],
  "rerender": [Function],
  "unmount": [Function],
}
`;

exports[`Circle component в состоянии modified 1`] = `
Object {
  "asFragment": [Function],
  "baseElement": <body>
    <div>
      <div
        class="content "
      >
        <div
          class="text text_type_input text_color_input mb-4 absolute head element"
        />
        <div
          class="circle   modified"
        >
          <p
            class="text text_type_circle text_color_input letter"
          />
        </div>
        <p
          class="text text_type_input text_color_input mt-4 absolute index"
        />
        <div
          class="text text_type_input text_color_input mt-4 absolute tail30 element"
        />
      </div>
    </div>
  </body>,
  "container": <div>
    <div
      class="content "
    >
      <div
        class="text text_type_input text_color_input mb-4 absolute head element"
      />
      <div
        class="circle   modified"
      >
        <p
          class="text text_type_circle text_color_input letter"
        />
      </div>
      <p
        class="text text_type_input text_color_input mt-4 absolute index"
      />
      <div
        class="text text_type_input text_color_input mt-4 absolute tail30 element"
      />
    </div>
  </div>,
  "debug": [Function],
  "findAllByAltText": [Function],
  "findAllByDisplayValue": [Function],
  "findAllByLabelText": [Function],
  "findAllByPlaceholderText": [Function],
  "findAllByRole": [Function],
  "findAllByTestId": [Function],
  "findAllByText": [Function],
  "findAllByTitle": [Function],
  "findByAltText": [Function],
  "findByDisplayValue": [Function],
  "findByLabelText": [Function],
  "findByPlaceholderText": [Function],
  "findByRole": [Function],
  "findByTestId": [Function],
  "findByText": [Function],
  "findByTitle": [Function],
  "getAllByAltText": [Function],
  "getAllByDisplayValue": [Function],
  "getAllByLabelText": [Function],
  "getAllByPlaceholderText": [Function],
  "getAllByRole": [Function],
  "getAllByTestId": [Function],
  "getAllByText": [Function],
  "getAllByTitle": [Function],
  "getByAltText": [Function],
  "getByDisplayValue": [Function],
  "getByLabelText": [Function],
  "getByPlaceholderText": [Function],
  "getByRole": [Function],
  "getByTestId": [Function],
  "getByText": [Function],
  "getByTitle": [Function],
  "queryAllByAltText": [Function],
  "queryAllByDisplayValue": [Function],
  "queryAllByLabelText": [Function],
  "queryAllByPlaceholderText": [Function],
  "queryAllByRole": [Function],
  "queryAllByTestId": [Function],
  "queryAllByText": [Function],
  "queryAllByTitle": [Function],
  "queryByAltText": [Function],
  "queryByDisplayValue": [Function],
  "queryByLabelText": [Function],
  "queryByPlaceholderText": [Function],
  "queryByRole": [Function],
  "queryByTestId": [Function],
  "queryByText": [Function],
  "queryByTitle": [Function],
  "rerender": [Function],
  "unmount": [Function],
}
`;

exports[`Circle component с head 1`] = `
Object {
  "asFragment": [Function],
  "baseElement": <body>
    <div>
      <div
        class="content "
      >
        <div
          class="text text_type_input text_color_input mb-4 absolute head string"
        >
          Head
        </div>
        <div
          class="circle   default"
        >
          <p
            class="text text_type_circle text_color_input letter"
          />
        </div>
        <p
          class="text text_type_input text_color_input mt-4 absolute index"
        />
        <div
          class="text text_type_input text_color_input mt-4 absolute tail30 element"
        />
      </div>
    </div>
  </body>,
  "container": <div>
    <div
      class="content "
    >
      <div
        class="text text_type_input text_color_input mb-4 absolute head string"
      >
        Head
      </div>
      <div
        class="circle   default"
      >
        <p
          class="text text_type_circle text_color_input letter"
        />
      </div>
      <p
        class="text text_type_input text_color_input mt-4 absolute index"
      />
      <div
        class="text text_type_input text_color_input mt-4 absolute tail30 element"
      />
    </div>
  </div>,
  "debug": [Function],
  "findAllByAltText": [Function],
  "findAllByDisplayValue": [Function],
  "findAllByLabelText": [Function],
  "findAllByPlaceholderText": [Function],
  "findAllByRole": [Function],
  "findAllByTestId": [Function],
  "findAllByText": [Function],
  "findAllByTitle": [Function],
  "findByAltText": [Function],
  "findByDisplayValue": [Function],
  "findByLabelText": [Function],
  "findByPlaceholderText": [Function],
  "findByRole": [Function],
  "findByTestId": [Function],
  "findByText": [Function],
  "findByTitle": [Function],
  "getAllByAltText": [Function],
  "getAllByDisplayValue": [Function],
  "getAllByLabelText": [Function],
  "getAllByPlaceholderText": [Function],
  "getAllByRole": [Function],
  "getAllByTestId": [Function],
  "getAllByText": [Function],
  "getAllByTitle": [Function],
  "getByAltText": [Function],
  "getByDisplayValue": [Function],
  "getByLabelText": [Function],
  "getByPlaceholderText": [Function],
  "getByRole": [Function],
  "getByTestId": [Function],
  "getByText": [Function],
  "getByTitle": [Function],
  "queryAllByAltText": [Function],
  "queryAllByDisplayValue": [Function],
  "queryAllByLabelText": [Function],
  "queryAllByPlaceholderText": [Function],
  "queryAllByRole": [Function],
  "queryAllByTestId": [Function],
  "queryAllByText": [Function],
  "queryAllByTitle": [Function],
  "queryByAltText": [Function],
  "queryByDisplayValue": [Function],
  "queryByLabelText": [Function],
  "queryByPlaceholderText": [Function],
  "queryByRole": [Function],
  "queryByTestId": [Function],
  "queryByText": [Function],
  "queryByTitle": [Function],
  "rerender": [Function],
  "unmount": [Function],
}
`;

exports[`Circle component с index 1`] = `
Object {
  "asFragment": [Function],
  "baseElement": <body>
    <div>
      <div
        class="content "
      >
        <div
          class="text text_type_input text_color_input mb-4 absolute head element"
        />
        <div
          class="circle   default"
        >
          <p
            class="text text_type_circle text_color_input letter"
          />
        </div>
        <p
          class="text text_type_input text_color_input mt-4 absolute index"
        >
          42
        </p>
        <div
          class="text text_type_input text_color_input mt-4 absolute tail60 element"
        />
      </div>
    </div>
  </body>,
  "container": <div>
    <div
      class="content "
    >
      <div
        class="text text_type_input text_color_input mb-4 absolute head element"
      />
      <div
        class="circle   default"
      >
        <p
          class="text text_type_circle text_color_input letter"
        />
      </div>
      <p
        class="text text_type_input text_color_input mt-4 absolute index"
      >
        42
      </p>
      <div
        class="text text_type_input text_color_input mt-4 absolute tail60 element"
      />
    </div>
  </div>,
  "debug": [Function],
  "findAllByAltText": [Function],
  "findAllByDisplayValue": [Function],
  "findAllByLabelText": [Function],
  "findAllByPlaceholderText": [Function],
  "findAllByRole": [Function],
  "findAllByTestId": [Function],
  "findAllByText": [Function],
  "findAllByTitle": [Function],
  "findByAltText": [Function],
  "findByDisplayValue": [Function],
  "findByLabelText": [Function],
  "findByPlaceholderText": [Function],
  "findByRole": [Function],
  "findByTestId": [Function],
  "findByText": [Function],
  "findByTitle": [Function],
  "getAllByAltText": [Function],
  "getAllByDisplayValue": [Function],
  "getAllByLabelText": [Function],
  "getAllByPlaceholderText": [Function],
  "getAllByRole": [Function],
  "getAllByTestId": [Function],
  "getAllByText": [Function],
  "getAllByTitle": [Function],
  "getByAltText": [Function],
  "getByDisplayValue": [Function],
  "getByLabelText": [Function],
  "getByPlaceholderText": [Function],
  "getByRole": [Function],
  "getByTestId": [Function],
  "getByText": [Function],
  "getByTitle": [Function],
  "queryAllByAltText": [Function],
  "queryAllByDisplayValue": [Function],
  "queryAllByLabelText": [Function],
  "queryAllByPlaceholderText": [Function],
  "queryAllByRole": [Function],
  "queryAllByTestId": [Function],
  "queryAllByText": [Function],
  "queryAllByTitle": [Function],
  "queryByAltText": [Function],
  "queryByDisplayValue": [Function],
  "queryByLabelText": [Function],
  "queryByPlaceholderText": [Function],
  "queryByRole": [Function],
  "queryByTestId": [Function],
  "queryByText": [Function],
  "queryByTitle": [Function],
  "rerender": [Function],
  "unmount": [Function],
}
`;

exports[`Circle component с react-элементом в head 1`] = `
Object {
  "asFragment": [Function],
  "baseElement": <body>
    <div>
      <div
        class="content "
      >
        <div
          class="text text_type_input text_color_input mb-4 absolute head element"
        >
          <span>
            React Element in Head
          </span>
        </div>
        <div
          class="circle   default"
        >
          <p
            class="text text_type_circle text_color_input letter"
          />
        </div>
        <p
          class="text text_type_input text_color_input mt-4 absolute index"
        />
        <div
          class="text text_type_input text_color_input mt-4 absolute tail30 element"
        />
      </div>
    </div>
  </body>,
  "container": <div>
    <div
      class="content "
    >
      <div
        class="text text_type_input text_color_input mb-4 absolute head element"
      >
        <span>
          React Element in Head
        </span>
      </div>
      <div
        class="circle   default"
      >
        <p
          class="text text_type_circle text_color_input letter"
        />
      </div>
      <p
        class="text text_type_input text_color_input mt-4 absolute index"
      />
      <div
        class="text text_type_input text_color_input mt-4 absolute tail30 element"
      />
    </div>
  </div>,
  "debug": [Function],
  "findAllByAltText": [Function],
  "findAllByDisplayValue": [Function],
  "findAllByLabelText": [Function],
  "findAllByPlaceholderText": [Function],
  "findAllByRole": [Function],
  "findAllByTestId": [Function],
  "findAllByText": [Function],
  "findAllByTitle": [Function],
  "findByAltText": [Function],
  "findByDisplayValue": [Function],
  "findByLabelText": [Function],
  "findByPlaceholderText": [Function],
  "findByRole": [Function],
  "findByTestId": [Function],
  "findByText": [Function],
  "findByTitle": [Function],
  "getAllByAltText": [Function],
  "getAllByDisplayValue": [Function],
  "getAllByLabelText": [Function],
  "getAllByPlaceholderText": [Function],
  "getAllByRole": [Function],
  "getAllByTestId": [Function],
  "getAllByText": [Function],
  "getAllByTitle": [Function],
  "getByAltText": [Function],
  "getByDisplayValue": [Function],
  "getByLabelText": [Function],
  "getByPlaceholderText": [Function],
  "getByRole": [Function],
  "getByTestId": [Function],
  "getByText": [Function],
  "getByTitle": [Function],
  "queryAllByAltText": [Function],
  "queryAllByDisplayValue": [Function],
  "queryAllByLabelText": [Function],
  "queryAllByPlaceholderText": [Function],
  "queryAllByRole": [Function],
  "queryAllByTestId": [Function],
  "queryAllByText": [Function],
  "queryAllByTitle": [Function],
  "queryByAltText": [Function],
  "queryByDisplayValue": [Function],
  "queryByLabelText": [Function],
  "queryByPlaceholderText": [Function],
  "queryByRole": [Function],
  "queryByTestId": [Function],
  "queryByText": [Function],
  "queryByTitle": [Function],
  "rerender": [Function],
  "unmount": [Function],
}
`;

exports[`Circle component с react-элементом в tail 1`] = `
Object {
  "asFragment": [Function],
  "baseElement": <body>
    <div>
      <div
        class="content "
      >
        <div
          class="text text_type_input text_color_input mb-4 absolute head element"
        />
        <div
          class="circle   default"
        >
          <p
            class="text text_type_circle text_color_input letter"
          />
        </div>
        <p
          class="text text_type_input text_color_input mt-4 absolute index"
        />
        <div
          class="text text_type_input text_color_input mt-4 absolute tail30 element"
        >
          <span>
            React Element in Tail
          </span>
        </div>
      </div>
    </div>
  </body>,
  "container": <div>
    <div
      class="content "
    >
      <div
        class="text text_type_input text_color_input mb-4 absolute head element"
      />
      <div
        class="circle   default"
      >
        <p
          class="text text_type_circle text_color_input letter"
        />
      </div>
      <p
        class="text text_type_input text_color_input mt-4 absolute index"
      />
      <div
        class="text text_type_input text_color_input mt-4 absolute tail30 element"
      >
        <span>
          React Element in Tail
        </span>
      </div>
    </div>
  </div>,
  "debug": [Function],
  "findAllByAltText": [Function],
  "findAllByDisplayValue": [Function],
  "findAllByLabelText": [Function],
  "findAllByPlaceholderText": [Function],
  "findAllByRole": [Function],
  "findAllByTestId": [Function],
  "findAllByText": [Function],
  "findAllByTitle": [Function],
  "findByAltText": [Function],
  "findByDisplayValue": [Function],
  "findByLabelText": [Function],
  "findByPlaceholderText": [Function],
  "findByRole": [Function],
  "findByTestId": [Function],
  "findByText": [Function],
  "findByTitle": [Function],
  "getAllByAltText": [Function],
  "getAllByDisplayValue": [Function],
  "getAllByLabelText": [Function],
  "getAllByPlaceholderText": [Function],
  "getAllByRole": [Function],
  "getAllByTestId": [Function],
  "getAllByText": [Function],
  "getAllByTitle": [Function],
  "getByAltText": [Function],
  "getByDisplayValue": [Function],
  "getByLabelText": [Function],
  "getByPlaceholderText": [Function],
  "getByRole": [Function],
  "getByTestId": [Function],
  "getByText": [Function],
  "getByTitle": [Function],
  "queryAllByAltText": [Function],
  "queryAllByDisplayValue": [Function],
  "queryAllByLabelText": [Function],
  "queryAllByPlaceholderText": [Function],
  "queryAllByRole": [Function],
  "queryAllByTestId": [Function],
  "queryAllByText": [Function],
  "queryAllByTitle": [Function],
  "queryByAltText": [Function],
  "queryByDisplayValue": [Function],
  "queryByLabelText": [Function],
  "queryByPlaceholderText": [Function],
  "queryByRole": [Function],
  "queryByTestId": [Function],
  "queryByText": [Function],
  "queryByTitle": [Function],
  "rerender": [Function],
  "unmount": [Function],
}
`;

exports[`Circle component с tail 1`] = `
Object {
  "asFragment": [Function],
  "baseElement": <body>
    <div>
      <div
        class="content "
      >
        <div
          class="text text_type_input text_color_input mb-4 absolute head element"
        />
        <div
          class="circle   default"
        >
          <p
            class="text text_type_circle text_color_input letter"
          />
        </div>
        <p
          class="text text_type_input text_color_input mt-4 absolute index"
        />
        <div
          class="text text_type_input text_color_input mt-4 absolute tail30 string"
        >
          Tail
        </div>
      </div>
    </div>
  </body>,
  "container": <div>
    <div
      class="content "
    >
      <div
        class="text text_type_input text_color_input mb-4 absolute head element"
      />
      <div
        class="circle   default"
      >
        <p
          class="text text_type_circle text_color_input letter"
        />
      </div>
      <p
        class="text text_type_input text_color_input mt-4 absolute index"
      />
      <div
        class="text text_type_input text_color_input mt-4 absolute tail30 string"
      >
        Tail
      </div>
    </div>
  </div>,
  "debug": [Function],
  "findAllByAltText": [Function],
  "findAllByDisplayValue": [Function],
  "findAllByLabelText": [Function],
  "findAllByPlaceholderText": [Function],
  "findAllByRole": [Function],
  "findAllByTestId": [Function],
  "findAllByText": [Function],
  "findAllByTitle": [Function],
  "findByAltText": [Function],
  "findByDisplayValue": [Function],
  "findByLabelText": [Function],
  "findByPlaceholderText": [Function],
  "findByRole": [Function],
  "findByTestId": [Function],
  "findByText": [Function],
  "findByTitle": [Function],
  "getAllByAltText": [Function],
  "getAllByDisplayValue": [Function],
  "getAllByLabelText": [Function],
  "getAllByPlaceholderText": [Function],
  "getAllByRole": [Function],
  "getAllByTestId": [Function],
  "getAllByText": [Function],
  "getAllByTitle": [Function],
  "getByAltText": [Function],
  "getByDisplayValue": [Function],
  "getByLabelText": [Function],
  "getByPlaceholderText": [Function],
  "getByRole": [Function],
  "getByTestId": [Function],
  "getByText": [Function],
  "getByTitle": [Function],
  "queryAllByAltText": [Function],
  "queryAllByDisplayValue": [Function],
  "queryAllByLabelText": [Function],
  "queryAllByPlaceholderText": [Function],
  "queryAllByRole": [Function],
  "queryAllByTestId": [Function],
  "queryAllByText": [Function],
  "queryAllByTitle": [Function],
  "queryByAltText": [Function],
  "queryByDisplayValue": [Function],
  "queryByLabelText": [Function],
  "queryByPlaceholderText": [Function],
  "queryByRole": [Function],
  "queryByTestId": [Function],
  "queryByText": [Function],
  "queryByTitle": [Function],
  "rerender": [Function],
  "unmount": [Function],
}
`;

exports[`Circle component с буквами 1`] = `
Object {
  "asFragment": [Function],
  "baseElement": <body>
    <div>
      <div
        class="content "
      >
        <div
          class="text text_type_input text_color_input mb-4 absolute head element"
        />
        <div
          class="circle   default"
        >
          <p
            class="text text_type_circle text_color_input letter"
          >
            A
          </p>
        </div>
        <p
          class="text text_type_input text_color_input mt-4 absolute index"
        />
        <div
          class="text text_type_input text_color_input mt-4 absolute tail30 element"
        />
      </div>
    </div>
  </body>,
  "container": <div>
    <div
      class="content "
    >
      <div
        class="text text_type_input text_color_input mb-4 absolute head element"
      />
      <div
        class="circle   default"
      >
        <p
          class="text text_type_circle text_color_input letter"
        >
          A
        </p>
      </div>
      <p
        class="text text_type_input text_color_input mt-4 absolute index"
      />
      <div
        class="text text_type_input text_color_input mt-4 absolute tail30 element"
      />
    </div>
  </div>,
  "debug": [Function],
  "findAllByAltText": [Function],
  "findAllByDisplayValue": [Function],
  "findAllByLabelText": [Function],
  "findAllByPlaceholderText": [Function],
  "findAllByRole": [Function],
  "findAllByTestId": [Function],
  "findAllByText": [Function],
  "findAllByTitle": [Function],
  "findByAltText": [Function],
  "findByDisplayValue": [Function],
  "findByLabelText": [Function],
  "findByPlaceholderText": [Function],
  "findByRole": [Function],
  "findByTestId": [Function],
  "findByText": [Function],
  "findByTitle": [Function],
  "getAllByAltText": [Function],
  "getAllByDisplayValue": [Function],
  "getAllByLabelText": [Function],
  "getAllByPlaceholderText": [Function],
  "getAllByRole": [Function],
  "getAllByTestId": [Function],
  "getAllByText": [Function],
  "getAllByTitle": [Function],
  "getByAltText": [Function],
  "getByDisplayValue": [Function],
  "getByLabelText": [Function],
  "getByPlaceholderText": [Function],
  "getByRole": [Function],
  "getByTestId": [Function],
  "getByText": [Function],
  "getByTitle": [Function],
  "queryAllByAltText": [Function],
  "queryAllByDisplayValue": [Function],
  "queryAllByLabelText": [Function],
  "queryAllByPlaceholderText": [Function],
  "queryAllByRole": [Function],
  "queryAllByTestId": [Function],
  "queryAllByText": [Function],
  "queryAllByTitle": [Function],
  "queryByAltText": [Function],
  "queryByDisplayValue": [Function],
  "queryByLabelText": [Function],
  "queryByPlaceholderText": [Function],
  "queryByRole": [Function],
  "queryByTestId": [Function],
  "queryByText": [Function],
  "queryByTitle": [Function],
  "rerender": [Function],
  "unmount": [Function],
}
`;

exports[`Circle component с пропом \`ё\`isSmall === true 1`] = `
Object {
  "asFragment": [Function],
  "baseElement": <body>
    <div>
      <div
        class="content "
      >
        <div
          class="text text_type_input text_color_input mb-4 absolute head element"
        />
        <div
          class="circle  small default"
        >
          <p
            class="text text_type_circle text_color_input letter"
          />
        </div>
        <p
          class="text text_type_input text_color_input mt-4 absolute index"
        />
        <div
          class="text text_type_input text_color_input mt-4 absolute tail30 element"
        />
      </div>
    </div>
  </body>,
  "container": <div>
    <div
      class="content "
    >
      <div
        class="text text_type_input text_color_input mb-4 absolute head element"
      />
      <div
        class="circle  small default"
      >
        <p
          class="text text_type_circle text_color_input letter"
        />
      </div>
      <p
        class="text text_type_input text_color_input mt-4 absolute index"
      />
      <div
        class="text text_type_input text_color_input mt-4 absolute tail30 element"
      />
    </div>
  </div>,
  "debug": [Function],
  "findAllByAltText": [Function],
  "findAllByDisplayValue": [Function],
  "findAllByLabelText": [Function],
  "findAllByPlaceholderText": [Function],
  "findAllByRole": [Function],
  "findAllByTestId": [Function],
  "findAllByText": [Function],
  "findAllByTitle": [Function],
  "findByAltText": [Function],
  "findByDisplayValue": [Function],
  "findByLabelText": [Function],
  "findByPlaceholderText": [Function],
  "findByRole": [Function],
  "findByTestId": [Function],
  "findByText": [Function],
  "findByTitle": [Function],
  "getAllByAltText": [Function],
  "getAllByDisplayValue": [Function],
  "getAllByLabelText": [Function],
  "getAllByPlaceholderText": [Function],
  "getAllByRole": [Function],
  "getAllByTestId": [Function],
  "getAllByText": [Function],
  "getAllByTitle": [Function],
  "getByAltText": [Function],
  "getByDisplayValue": [Function],
  "getByLabelText": [Function],
  "getByPlaceholderText": [Function],
  "getByRole": [Function],
  "getByTestId": [Function],
  "getByText": [Function],
  "getByTitle": [Function],
  "queryAllByAltText": [Function],
  "queryAllByDisplayValue": [Function],
  "queryAllByLabelText": [Function],
  "queryAllByPlaceholderText": [Function],
  "queryAllByRole": [Function],
  "queryAllByTestId": [Function],
  "queryAllByText": [Function],
  "queryAllByTitle": [Function],
  "queryByAltText": [Function],
  "queryByDisplayValue": [Function],
  "queryByLabelText": [Function],
  "queryByPlaceholderText": [Function],
  "queryByRole": [Function],
  "queryByTestId": [Function],
  "queryByText": [Function],
  "queryByTitle": [Function],
  "rerender": [Function],
  "unmount": [Function],
}
`;

exports[`Circle component с пропом isSmall ===  true 1`] = `
Object {
  "asFragment": [Function],
  "baseElement": <body>
    <div>
      <div
        class="content "
      >
        <div
          class="text text_type_input text_color_input mb-4 absolute head element"
        />
        <div
          class="circle  small default"
        >
          <p
            class="text text_type_circle text_color_input letter"
          />
        </div>
        <p
          class="text text_type_input text_color_input mt-4 absolute index"
        />
        <div
          class="text text_type_input text_color_input mt-4 absolute tail30 element"
        />
      </div>
    </div>
  </body>,
  "container": <div>
    <div
      class="content "
    >
      <div
        class="text text_type_input text_color_input mb-4 absolute head element"
      />
      <div
        class="circle  small default"
      >
        <p
          class="text text_type_circle text_color_input letter"
        />
      </div>
      <p
        class="text text_type_input text_color_input mt-4 absolute index"
      />
      <div
        class="text text_type_input text_color_input mt-4 absolute tail30 element"
      />
    </div>
  </div>,
  "debug": [Function],
  "findAllByAltText": [Function],
  "findAllByDisplayValue": [Function],
  "findAllByLabelText": [Function],
  "findAllByPlaceholderText": [Function],
  "findAllByRole": [Function],
  "findAllByTestId": [Function],
  "findAllByText": [Function],
  "findAllByTitle": [Function],
  "findByAltText": [Function],
  "findByDisplayValue": [Function],
  "findByLabelText": [Function],
  "findByPlaceholderText": [Function],
  "findByRole": [Function],
  "findByTestId": [Function],
  "findByText": [Function],
  "findByTitle": [Function],
  "getAllByAltText": [Function],
  "getAllByDisplayValue": [Function],
  "getAllByLabelText": [Function],
  "getAllByPlaceholderText": [Function],
  "getAllByRole": [Function],
  "getAllByTestId": [Function],
  "getAllByText": [Function],
  "getAllByTitle": [Function],
  "getByAltText": [Function],
  "getByDisplayValue": [Function],
  "getByLabelText": [Function],
  "getByPlaceholderText": [Function],
  "getByRole": [Function],
  "getByTestId": [Function],
  "getByText": [Function],
  "getByTitle": [Function],
  "queryAllByAltText": [Function],
  "queryAllByDisplayValue": [Function],
  "queryAllByLabelText": [Function],
  "queryAllByPlaceholderText": [Function],
  "queryAllByRole": [Function],
  "queryAllByTestId": [Function],
  "queryAllByText": [Function],
  "queryAllByTitle": [Function],
  "queryByAltText": [Function],
  "queryByDisplayValue": [Function],
  "queryByLabelText": [Function],
  "queryByPlaceholderText": [Function],
  "queryByRole": [Function],
  "queryByTestId": [Function],
  "queryByText": [Function],
  "queryByTitle": [Function],
  "rerender": [Function],
  "unmount": [Function],
}
`;

exports[`Circle component с пропом isSmall === true 1`] = `
Object {
  "asFragment": [Function],
  "baseElement": <body>
    <div>
      <div
        class="content "
      >
        <div
          class="text text_type_input text_color_input mb-4 absolute head element"
        />
        <div
          class="circle  small default"
        >
          <p
            class="text text_type_circle text_color_input letter"
          />
        </div>
        <p
          class="text text_type_input text_color_input mt-4 absolute index"
        />
        <div
          class="text text_type_input text_color_input mt-4 absolute tail30 element"
        />
      </div>
    </div>
  </body>,
  "container": <div>
    <div
      class="content "
    >
      <div
        class="text text_type_input text_color_input mb-4 absolute head element"
      />
      <div
        class="circle  small default"
      >
        <p
          class="text text_type_circle text_color_input letter"
        />
      </div>
      <p
        class="text text_type_input text_color_input mt-4 absolute index"
      />
      <div
        class="text text_type_input text_color_input mt-4 absolute tail30 element"
      />
    </div>
  </div>,
  "debug": [Function],
  "findAllByAltText": [Function],
  "findAllByDisplayValue": [Function],
  "findAllByLabelText": [Function],
  "findAllByPlaceholderText": [Function],
  "findAllByRole": [Function],
  "findAllByTestId": [Function],
  "findAllByText": [Function],
  "findAllByTitle": [Function],
  "findByAltText": [Function],
  "findByDisplayValue": [Function],
  "findByLabelText": [Function],
  "findByPlaceholderText": [Function],
  "findByRole": [Function],
  "findByTestId": [Function],
  "findByText": [Function],
  "findByTitle": [Function],
  "getAllByAltText": [Function],
  "getAllByDisplayValue": [Function],
  "getAllByLabelText": [Function],
  "getAllByPlaceholderText": [Function],
  "getAllByRole": [Function],
  "getAllByTestId": [Function],
  "getAllByText": [Function],
  "getAllByTitle": [Function],
  "getByAltText": [Function],
  "getByDisplayValue": [Function],
  "getByLabelText": [Function],
  "getByPlaceholderText": [Function],
  "getByRole": [Function],
  "getByTestId": [Function],
  "getByText": [Function],
  "getByTitle": [Function],
  "queryAllByAltText": [Function],
  "queryAllByDisplayValue": [Function],
  "queryAllByLabelText": [Function],
  "queryAllByPlaceholderText": [Function],
  "queryAllByRole": [Function],
  "queryAllByTestId": [Function],
  "queryAllByText": [Function],
  "queryAllByTitle": [Function],
  "queryByAltText": [Function],
  "queryByDisplayValue": [Function],
  "queryByLabelText": [Function],
  "queryByPlaceholderText": [Function],
  "queryByRole": [Function],
  "queryByTestId": [Function],
  "queryByText": [Function],
  "queryByTitle": [Function],
  "rerender": [Function],
  "unmount": [Function],
}
`;
